Bytecode compiled 31802 files in 7.48s
============================= test session starts =============================
platform win32 -- Python 3.11.13, pytest-8.4.1, pluggy-1.6.0 -- D:\workspace-hub\digitalmodel\.venv\Scripts\python.exe
cachedir: .pytest_cache
hypothesis profile 'default'
benchmark: 4.0.0 (defaults: timer=time.perf_counter disable_gc=False min_rounds=5 min_time=0.000005 max_time=1.0 calibration_precision=10 warmup=False warmup_iterations=100000)
metadata: {'Python': '3.11.13', 'Platform': 'Windows-10-10.0.26100-SP0', 'Packages': {'pytest': '8.4.1', 'pluggy': '1.6.0'}, 'Plugins': {'anyio': '4.11.0', 'dash': '3.2.0', 'Faker': '20.1.0', 'hypothesis': '6.141.0', 'asyncio': '0.21.1', 'benchmark': '4.0.0', 'cov': '4.1.0', 'html': '4.1.1', 'instafail': '0.5.0', 'json-report': '1.5.0', 'metadata': '3.1.1', 'mock': '3.12.0', 'randomly': '3.16.0', 'sugar': '0.9.7', 'timeout': '2.4.0', 'xdist': '3.8.0'}}
Using --randomly-seed=42
rootdir: D:\workspace-hub\digitalmodel
configfile: pyproject.toml
plugins: anyio-4.11.0, dash-3.2.0, Faker-20.1.0, hypothesis-6.141.0, asyncio-0.21.1, benchmark-4.0.0, cov-4.1.0, html-4.1.1, instafail-0.5.0, json-report-1.5.0, metadata-3.1.1, mock-3.12.0, randomly-3.16.0, sugar-0.9.7, timeout-2.4.0, xdist-3.8.0
asyncio: mode=Mode.STRICT
timeout: 300.0s
timeout method: thread
timeout func_only: False
collecting ... collected 29 items / 1 error

=================================== ERRORS ====================================
____________________ ERROR collecting tests/test_config.py ____________________
ImportError while importing test module 'D:\workspace-hub\digitalmodel\tests\test_config.py'.
Hint: make sure your test modules/packages have valid Python names.
Traceback:
C:\Users\ansystech\AppData\Roaming\uv\python\cpython-3.11.13-windows-x86_64-none\Lib\importlib\__init__.py:126: in import_module
    return _bootstrap._gcd_import(name[level:], package, level)
           ^^^^^^^^^^^^^^^^^^^^^^^^^^^^^^^^^^^^^^^^^^^^^^^^^^^^
tests\test_config.py:9: in <module>
    from digitalmodel.config import GlobalSettings, get_settings, override_settings, reset_settings
E   ImportError: cannot import name 'reset_settings' from 'digitalmodel.config' (D:\workspace-hub\digitalmodel\src\digitalmodel\config\__init__.py)
--------------------------------- JSON report ---------------------------------
report saved to: reports/test_report.json
- Generated html report: file:///D:/workspace-hub/digitalmodel/reports/pytest_report.html -
=========================== short test summary info ===========================
ERROR tests/test_config.py
!!!!!!!!!!!!!!!!!!! Interrupted: 1 error during collection !!!!!!!!!!!!!!!!!!!!
============================== 1 error in 1.10s ===============================
