===== ENVIRONMENT =====
gpu-claw
2026-08-05T09:02:28Z
WM_PROJECT_DIR=/usr/lib/openfoam/openfoam2312
WM_PROJECT_VERSION=v2312
FOAM_API=2312
/usr/lib/openfoam/openfoam2312/platforms/linux64GccDPInt32Opt/bin/interFoam
/usr/lib/openfoam/openfoam2312/platforms/linux64GccDPInt32Opt/bin/blockMesh
/usr/lib/openfoam/openfoam2312/platforms/linux64GccDPInt32Opt/bin/setFields
/usr/lib/openfoam/openfoam2312/platforms/linux64GccDPInt32Opt/bin/decomposePar
/usr/bin/mpirun
worktree HEAD=04725bbfa58be2c64ee3ca055a6552cf7b4b6619
worktree dirty=[]
Python 3.12.3
===== STEP 1: build only (dry-run, solver never invoked) =====
2026-08-05 05:02:28.999 | INFO     | digitalmodel.solvers.openfoam.sloshing_sweep:generate_sweep:379 - Generated dm#1528 sweep 'dm1528-filldrain': 144 cases (48 controls), hash e71879da02af121c
2026-08-05 05:02:29.000 | INFO     | digitalmodel.solvers.openfoam.case_coupling:map_sweep_case_to_openfoam_case:351 - Mapped coupled case 'dm1528-filldrain-2a44db9cf998': fill=0.500, T_roll=6.251s, cap=0.05, V_transfer=60 m^3, Q_peak=30.15 m^3/s
2026-08-05 05:02:29.000 | INFO     | digitalmodel.solvers.openfoam.case_builder:build:115 - Building OpenFOAM case: /home/undi/ws/cfd_work/vent2/emitted/baseline_full_height_outlet/dm1528-filldrain-2a44db9cf998-baseline_full_height_outlet
2026-08-05 05:02:29.001 | INFO     | digitalmodel.solvers.openfoam.case_builder:build:128 - Case build complete: /home/undi/ws/cfd_work/vent2/emitted/baseline_full_height_outlet/dm1528-filldrain-2a44db9cf998-baseline_full_height_outlet
2026-08-05 05:02:29.003 | INFO     | digitalmodel.solvers.openfoam.sloshing_sweep:generate_sweep:379 - Generated dm#1528 sweep 'dm1528-filldrain': 144 cases (48 controls), hash e71879da02af121c
2026-08-05 05:02:29.004 | INFO     | digitalmodel.solvers.openfoam.case_coupling:map_sweep_case_to_openfoam_case:351 - Mapped coupled case 'dm1528-filldrain-2a44db9cf998': fill=0.500, T_roll=6.251s, cap=0.05, V_transfer=60 m^3, Q_peak=30.15 m^3/s
2026-08-05 05:02:29.004 | INFO     | digitalmodel.solvers.openfoam.case_builder:build:115 - Building OpenFOAM case: /home/undi/ws/cfd_work/vent2/emitted/vent_top/dm1528-filldrain-2a44db9cf998-vent_top
2026-08-05 05:02:29.005 | INFO     | digitalmodel.solvers.openfoam.case_builder:build:128 - Case build complete: /home/undi/ws/cfd_work/vent2/emitted/vent_top/dm1528-filldrain-2a44db9cf998-vent_top
Built 2 case(s); dry-run, solver not invoked.
emitted input files hashed: 30
===== STEP 2: full run (blockMesh, setFields, decomposePar, interFoam) =====
2026-08-05 05:02:29.529 | INFO     | digitalmodel.solvers.openfoam.sloshing_sweep:generate_sweep:379 - Generated dm#1528 sweep 'dm1528-filldrain': 144 cases (48 controls), hash e71879da02af121c
2026-08-05 05:02:29.530 | INFO     | digitalmodel.solvers.openfoam.case_coupling:map_sweep_case_to_openfoam_case:351 - Mapped coupled case 'dm1528-filldrain-2a44db9cf998': fill=0.500, T_roll=6.251s, cap=0.05, V_transfer=60 m^3, Q_peak=30.15 m^3/s
2026-08-05 05:02:29.530 | INFO     | digitalmodel.solvers.openfoam.case_builder:build:115 - Building OpenFOAM case: /home/undi/ws/cfd_work/vent2/run/baseline_full_height_outlet/dm1528-filldrain-2a44db9cf998-baseline_full_height_outlet
2026-08-05 05:02:29.531 | INFO     | digitalmodel.solvers.openfoam.case_builder:build:128 - Case build complete: /home/undi/ws/cfd_work/vent2/run/baseline_full_height_outlet/dm1528-filldrain-2a44db9cf998-baseline_full_height_outlet
2026-08-05 05:02:29.533 | INFO     | digitalmodel.solvers.openfoam.sloshing_sweep:generate_sweep:379 - Generated dm#1528 sweep 'dm1528-filldrain': 144 cases (48 controls), hash e71879da02af121c
2026-08-05 05:02:29.533 | INFO     | digitalmodel.solvers.openfoam.case_coupling:map_sweep_case_to_openfoam_case:351 - Mapped coupled case 'dm1528-filldrain-2a44db9cf998': fill=0.500, T_roll=6.251s, cap=0.05, V_transfer=60 m^3, Q_peak=30.15 m^3/s
2026-08-05 05:02:29.533 | INFO     | digitalmodel.solvers.openfoam.case_builder:build:115 - Building OpenFOAM case: /home/undi/ws/cfd_work/vent2/run/vent_top/dm1528-filldrain-2a44db9cf998-vent_top
2026-08-05 05:02:29.534 | INFO     | digitalmodel.solvers.openfoam.case_builder:build:128 - Case build complete: /home/undi/ws/cfd_work/vent2/run/vent_top/dm1528-filldrain-2a44db9cf998-vent_top
baseline_full_height_outlet: liquid-volume drift -81.1601%
vent_top: liquid-volume drift 0%
Recommendation: vent_top
driver exit code: 0
===== STEP 3: manifest of the inputs interFoam consumed =====
consumed input files hashed: 32
===== STEP 4: tamper check =====
TREE_DIFFERS: see sha256-diff.txt
--- /home/undi/ws/cfd_work/vent2/sha256-emitted.txt	2026-08-05 05:02:29.082825314 -0400
+++ /home/undi/ws/cfd_work/vent2/sha256-after.txt	2026-08-05 05:03:58.895956183 -0400
@@ -1,5 +1,5 @@
 444258612c676ded96b495766679bb101711ea6bd0526d8c13ef5f903271686a  baseline_full_height_outlet/dm1528-filldrain-2a44db9cf998-baseline_full_height_outlet/0/U
-c284ff2850e00b808794b8186877bc60824bef5dfa0a00534a1d844815c03628  baseline_full_height_outlet/dm1528-filldrain-2a44db9cf998-baseline_full_height_outlet/0/alpha.water
+cb94695d7f7811491b78c2b0ed0021b4a4761d4fa2676fc091f699cb5d054972  baseline_full_height_outlet/dm1528-filldrain-2a44db9cf998-baseline_full_height_outlet/0/alpha.water
 c272929f1ed8207d8433b1cd48fce3770b80e5af65efaa435b330dc13eb4ba3b  baseline_full_height_outlet/dm1528-filldrain-2a44db9cf998-baseline_full_height_outlet/0/k
 1295613f5fa8c51b9a7fec3cd522abcfdb99c6a5b88a3ea9131fa718833ffe84  baseline_full_height_outlet/dm1528-filldrain-2a44db9cf998-baseline_full_height_outlet/0/nut
 df6e4b4ad5dea0e75cda29e760639d526bfb0b4d54e2e5ff3d1652acdf570ddf  baseline_full_height_outlet/dm1528-filldrain-2a44db9cf998-baseline_full_height_outlet/0/omega
@@ -7,6 +7,7 @@
 01fd84973d89e43e82eae389c58fff983a5ed3a18c91a953ca23477dee56ea44  baseline_full_height_outlet/dm1528-filldrain-2a44db9cf998-baseline_full_height_outlet/constant/g
 ede7b0a176f3337bfb5af231627c94edfd78102633b592191fa673446e6a0ba8  baseline_full_height_outlet/dm1528-filldrain-2a44db9cf998-baseline_full_height_outlet/constant/transportProperties
 d84d20fb152f3aed3284734812bd3b14dd68116fca68da37f79e785635ced903  baseline_full_height_outlet/dm1528-filldrain-2a44db9cf998-baseline_full_height_outlet/constant/turbulenceProperties
+f79418f3d0cb1828adbad04df339c26cb3a079968ed1d4639560ebaaff22e009  baseline_full_height_outlet/dm1528-filldrain-2a44db9cf998-baseline_full_height_outlet/postProcessing/liquidVolume/0/volFieldValue.dat
 bf417a5a901763d274cd689e1027bcdda83ea5ce118fd36a6f3a850afda57d65  baseline_full_height_outlet/dm1528-filldrain-2a44db9cf998-baseline_full_height_outlet/system/blockMeshDict
 442e741149d77f57d0b80f4cf7f5be9f01583c665b54d40d1e9f8a1cc8fefd99  baseline_full_height_outlet/dm1528-filldrain-2a44db9cf998-baseline_full_height_outlet/system/controlDict
 76d39bf1be1d1834a5e33dc53dc72d7bf34d187d5f241376aa39bca70dd842c2  baseline_full_height_outlet/dm1528-filldrain-2a44db9cf998-baseline_full_height_outlet/system/decomposeParDict
@@ -14,7 +15,7 @@
 131c2c54fcefe51feddaa123697ce7c44c002524f1353bd7302a98067aaf5930  baseline_full_height_outlet/dm1528-filldrain-2a44db9cf998-baseline_full_height_outlet/system/fvSolution
 8b2c730d9a0b560aee3a88db7e18866c5eeb1e0845f3178df28dad3f3623fa5e  baseline_full_height_outlet/dm1528-filldrain-2a44db9cf998-baseline_full_height_outlet/system/setFieldsDict
 765ac9e2e254af67798e16bd902d3b8635a8de74cb633bac5503ce697f438d3e  vent_top/dm1528-filldrain-2a44db9cf998-vent_top/0/U
-0590039ee1b1ab4fbdeac51b3c77a0bfd06f4b38d26d7758c9ba43b24ab8cfba  vent_top/dm1528-filldrain-2a44db9cf998-vent_top/0/alpha.water
+2991019d066fba54c596266e087faf1ad7492121d7cec7b19717c4faea62f988  vent_top/dm1528-filldrain-2a44db9cf998-vent_top/0/alpha.water
 c272929f1ed8207d8433b1cd48fce3770b80e5af65efaa435b330dc13eb4ba3b  vent_top/dm1528-filldrain-2a44db9cf998-vent_top/0/k
 1295613f5fa8c51b9a7fec3cd522abcfdb99c6a5b88a3ea9131fa718833ffe84  vent_top/dm1528-filldrain-2a44db9cf998-vent_top/0/nut
 df6e4b4ad5dea0e75cda29e760639d526bfb0b4d54e2e5ff3d1652acdf570ddf  vent_top/dm1528-filldrain-2a44db9cf998-vent_top/0/omega
@@ -22,6 +23,7 @@
 01fd84973d89e43e82eae389c58fff983a5ed3a18c91a953ca23477dee56ea44  vent_top/dm1528-filldrain-2a44db9cf998-vent_top/constant/g
 ede7b0a176f3337bfb5af231627c94edfd78102633b592191fa673446e6a0ba8  vent_top/dm1528-filldrain-2a44db9cf998-vent_top/constant/transportProperties
 d84d20fb152f3aed3284734812bd3b14dd68116fca68da37f79e785635ced903  vent_top/dm1528-filldrain-2a44db9cf998-vent_top/constant/turbulenceProperties
+bc3a561eebc08127943c5e6be9ae4a03528e3b1aaedff8d6d57a17cee7221b42  vent_top/dm1528-filldrain-2a44db9cf998-vent_top/postProcessing/liquidVolume/0/volFieldValue.dat
 bf417a5a901763d274cd689e1027bcdda83ea5ce118fd36a6f3a850afda57d65  vent_top/dm1528-filldrain-2a44db9cf998-vent_top/system/blockMeshDict
 442e741149d77f57d0b80f4cf7f5be9f01583c665b54d40d1e9f8a1cc8fefd99  vent_top/dm1528-filldrain-2a44db9cf998-vent_top/system/controlDict
 76d39bf1be1d1834a5e33dc53dc72d7bf34d187d5f241376aa39bca70dd842c2  vent_top/dm1528-filldrain-2a44db9cf998-vent_top/system/decomposeParDict
===== STEP 5: timestep evidence =====
--- baseline_full_height_outlet ---
Time= lines: 1000
Time = 0.01
Time = 0.02
Time = 0.03
