============================= test session starts =============================
platform win32 -- Python 3.12.13, pytest-8.4.2, pluggy-1.6.0
benchmark: 4.0.0 (defaults: timer=time.perf_counter disable_gc=False min_rounds=5 min_time=0.000005 max_time=1.0 calibration_precision=10 warmup=False warmup_iterations=100000)
Using --randomly-seed=3020284185
rootdir: D:\ws\_worktrees\digitalmodel-2094-offline
configfile: pytest.ini
plugins: anyio-4.12.1, Faker-20.1.0, hypothesis-6.151.9, asyncio-0.21.1, benchmark-4.0.0, cov-4.1.0, html-4.2.0, instafail-0.5.0, json-report-1.5.0, metadata-3.1.1, mock-3.12.0, randomly-3.16.0, sugar-0.9.7, timeout-2.4.0, xdist-3.8.0
asyncio: mode=Mode.STRICT
collected 0 items / 1 error

=================================== ERRORS ====================================
_______ ERROR collecting tests/ansys/test_cylinder_refinement_replay.py _______
ImportError while importing test module 'D:\ws\_worktrees\digitalmodel-2094-offline\tests\ansys\test_cylinder_refinement_replay.py'.
Hint: make sure your test modules/packages have valid Python names.
Traceback:
tests\ansys\test_cylinder_refinement_replay.py:8: in <module>
    from digitalmodel.ansys import cylinder_refinement_replay as replay
E   ImportError: cannot import name 'cylinder_refinement_replay' from 'digitalmodel.ansys' (D:\ws\_worktrees\digitalmodel-2094-offline\src\digitalmodel\ansys\__init__.py)
=========================== short test summary info ===========================
ERROR tests/ansys/test_cylinder_refinement_replay.py
!!!!!!!!!!!!!!!!!!! Interrupted: 1 error during collection !!!!!!!!!!!!!!!!!!!!
============================== 1 error in 1.85s ===============================
